// Jest Snapshot v1, https://goo.gl/fbAQLP

exports[`<AllNotReturned /> renders <AllNotReturned /> component 1`] = `
<Provider
  store={
    Object {
      "dispatch": [Function],
      "getState": [Function],
      "replaceReducer": [Function],
      "subscribe": [Function],
      Symbol(observable): [Function],
    }
  }
>
  <connectedAllNotReturned />
</Provider>
`;
