// Jest Snapshot v1, https://goo.gl/fbAQLP

exports[`<ChangePassword /> renders <ChangePassword /> component 1`] = `
<ChangePassword
  auth={
    Object {
      "user": Object {
        "id": 1,
      },
    }
  }
  clearSetPasswordState={[MockFunction]}
  passwordChange={
    Object {
      "errors": Object {
        "message": "dfghjklhgfhj",
      },
      "response": Object {
        "message": "cghjklhkgjf",
      },
    }
  }
  setPassword={[MockFunction]}
>
  <div
    className="mdl-grid"
  >
    <div
      className="contents"
    >
      <div
        className="card-enlarge card-wrapper mdl-card mdl-shadow--3dp"
      >
        <form
          onSubmit={[Function]}
        >
          <h5>
            Change Password
          </h5>
          <div
            className="card-content card-wrapper input-wrapper"
          >
            <input
              id="oldPassword"
              name="oldPassword"
              onChange={[Function]}
              placeholder="Old Password"
              type="password"
            />
          </div>
          <PasswordForm
            onChange={[Function]}
          >
            <div>
              <div
                className="card-content card-wrapper input-wrapper"
              >
                <input
                  id="newPassword"
                  name="password"
                  onChange={[Function]}
                  placeholder="Password"
                  type="password"
                />
              </div>
              <div
                className="card-content card-wrapper input-wrapper"
              >
                <input
                  id="confirmPassword"
                  name="confirmPassword"
                  onChange={[Function]}
                  placeholder="Confirm Password"
                  type="password"
                />
              </div>
            </div>
          </PasswordForm>
          <button
            className="
      mdl-button
      mdl-js-button
      mdl-button--raised
      mdl-button--colored
    "
            disabled={false}
            id="button"
          >
            Reset Password
          </button>
        </form>
      </div>
    </div>
  </div>
</ChangePassword>
`;
