// Jest Snapshot v1, https://goo.gl/fbAQLP

exports[`<Confirm /> renders <Confirm /> component 1`] = `
<div
  className="mdl-grid"
>
  <div
    className="contents"
  >
    <div
      className="card-enlarge card-wrapper mdl-card mdl-shadow--3dp"
    >
      <form
        action=""
      >
        <h5>
          Complete Registration
        </h5>
        <div
          className="card-content card-wrapper input-wrapper"
        >
          <input
            id="name"
            name="name"
            onChange={[Function]}
            placeholder="Full Name"
            type="text"
          />
        </div>
        <PasswordForm
          onChange={[Function]}
        />
        <button
          className="
    mdl-button
    mdl-js-button
    mdl-button--raised
    mdl-button--colored
    "
          id="button"
          onClick={[Function]}
        >
          Sign in
        </button>
      </form>
    </div>
  </div>
</div>
`;
