// Jest Snapshot v1, https://goo.gl/fbAQLP

exports[`<UpdateBook /> renders <UpdateBook /> component 1`] = `
<div
  className="mdl-grid"
>
  <div
    className="contents"
  >
    <div
      className="card-enlarge card-wrapper mdl-card mdl-shadow--3dp"
    >
      <form>
        <h5>
          Book Details
        </h5>
        <div
          className="card-content input-wrapper"
        >
          <input
            className=""
            id="title"
            name="title"
            onChange={[Function]}
            placeholder="Title"
            type="text"
          />
        </div>
        <div
          className="card-content input-wrapper"
        >
          <input
            className=""
            id="author"
            name="author"
            onChange={[Function]}
            required={true}
            type="text"
          />
        </div>
        <div
          className="card-content input-wrapper"
        >
          <input
            className=""
            id="description"
            name="description"
            onChange={[Function]}
            required={true}
            type="text"
          />
        </div>
        <div
          className="card-content input-wrapper"
        >
          <input
            className=""
            id="genre"
            name="genre"
            onChange={[Function]}
            required={true}
            type="text"
          />
        </div>
        <div
          className="card-content input-wrapper"
        >
          <input
            className=""
            id="text"
            name="quantity"
            onChange={[Function]}
            required={true}
            type="number"
          />
        </div>
        <div
          className="card-content upload file-upload"
        >
          <label
            className="btn btn-default"
            htmlFor="file-upload"
            name="cover"
          >
            Upload cover
          </label>
          <input
            accept="image/*"
            className="mdl-textfield__input"
            id="file-upload"
            name="cover"
            onChange={[Function]}
            type="file"
          />
          <label
            className="btn btn-default"
            htmlFor="file-upload2"
            name="pdf"
          >
            Upload Pdf
          </label>
          <input
            accept=".pdf"
            className="mdl-textfield__input"
            id="file-upload2"
            name="pdf"
            onChange={[Function]}
            type="file"
          />
        </div>
        <button
          className="
    mdl-button
    mdl-js-button
    mdl-button--raised
                  mdl-button--colored"
          disabled={false}
          id="button"
          name="updateBook"
          onClick={[Function]}
        >
          Update book
        </button>
      </form>
    </div>
  </div>
</div>
`;
