// Jest Snapshot v1, https://goo.gl/fbAQLP

exports[`<UpdateBook /> renders <UpdateBook /> component 1`] = `
<div
  className="mdl-grid"
>
  <div
    className="contents"
  >
    <div
      className="contents"
    >
      <h5>
        Fetching...
      </h5>
    </div>
  </div>
</div>
`;
