// Jest Snapshot v1, https://goo.gl/fbAQLP

exports[`<UploadBook /> renders <UploadBook /> component 1`] = `
<div
  className="mdl-grid"
>
  <div
    className="contents"
  >
    <span
      className="star"
    >
      Add new genre
    </span>
    <form
      onSubmit={[Function]}
    >
      <div
        className="category card-content input-wrapper"
      >
        <input
          id="bookGenre"
          name="bookGenre"
          onChange={[Function]}
          placeholder="Genre"
          type="text"
        />
        <button
          className="btn btn-default"
          name="return"
        >
          Add Genre
        </button>
      </div>
    </form>
    <div
      className="card-enlarge card-wrapper mdl-card mdl-shadow--3dp"
    >
      <form>
        <h5>
          Upload Book
        </h5>
        <div
          className="card-content input-wrapper"
        >
          <input
            className=""
            id="title"
            name="title"
            onChange={[Function]}
            placeholder="Title"
            type="text"
          />
        </div>
        <div
          className="card-content input-wrapper"
        >
          <input
            className=""
            id="author"
            name="author"
            onChange={[Function]}
            placeholder="Author"
            type="text"
          />
        </div>
        <div
          className="card-content input-wrapper"
        >
          <input
            className=""
            id="description"
            name="description"
            onChange={[Function]}
            placeholder="Description"
            type="text"
          />
        </div>
        <div
          className="card-content input-wrapper"
        >
          <select
            name="genre"
            onChange={[Function]}
          >
            <option
              className="default"
              value="..."
            >
              Select Genre
            </option>
          </select>
        </div>
        <div
          className="card-content input-wrapper"
        >
          <input
            className=""
            id="quantity"
            name="quantity"
            onChange={[Function]}
            placeholder="Quantity"
            type="number"
          />
        </div>
        <div
          className="card-content upload file-upload"
        >
          <label
            className="btn btn-default"
            htmlFor="file-upload"
            name="cover"
          >
            Upload cover
          </label>
          <input
            accept="image/*"
            className="mdl-textfield__input"
            id="file-upload"
            name="cover"
            onChange={[Function]}
            required={true}
            type="file"
          />
          <label
            className="btn btn-default"
            htmlFor="file-upload2"
            name="pdf"
          >
            Upload Pdf
          </label>
          <input
            accept=".pdf"
            className="mdl-textfield__input"
            id="file-upload2"
            name="pdf"
            onChange={[Function]}
            type="file"
          />
        </div>
        <button
          className="
    mdl-button
    mdl-js-button
    mdl-button--raised
                mdl-button--colored"
          disabled={false}
          id="button"
          onClick={[Function]}
        >
          Create Book
        </button>
      </form>
    </div>
  </div>
</div>
`;
